# Домены, которые из дома блокируются напрямую, но открываются через zapret
# (стратегия секции Zapret). Подключён к секции Zapret через domain_ip_lists:
# пополняется без перезапуска sing-box. Совпадение суффиксное.
#
# Сайты каталога theporndude.com/ru и хосты их превью и видео, 28.09.2026.
# Каждый хост проверен тремя путями (напрямую / zapret / VPN) запросом с
# ClientHello Chrome на реальных URL превью и видео, до 2 МБ (ловит заморозку
# ТСПУ после ~16 КБ). Сюда попали только те, у кого напрямую не работает, а
# через zapret работает. Что открывается только через VPN — в vpn-domains.lst.
# Общие CDN (b-cdn.net, cloudfront.net, supabase.co, *.digitaloceanspaces.com,
# pages.dev, r2.dev) внесены конкретными хостами, а не целым доменом.
01tube.com
21sextury.com
2porno.online
4k69.com
4kporn.xxx
8kporner.com
abbywinters.com
abxxx.com
adultfans.net
adultheaven.fun
adultprime.com
adultwork.com
aiallure.com
aifapper.com
aigf.sfo2.cdn.digitaloceanspaces.com
aipeeps.com
aliveai.app
allpornstream.com
ami-sweeney.pages.dev
amigosporn.com
analdin.com
analegg.com
animatorhub.ai
anyporn.com
anysex.com
asstoo.com
avsbsknpsoccfsrjlngc.supabase.co
ba0ze4asqz-1339.pages.dev
baberoticavr.com
babes.com
backroomcastingcouch.com
baddies.xxx
badoink.com
badoinkvr.com
bananamovies.org
bangbros.com
bangbus.com
bbcrec.com
beeg.com
bigbuttshub.com
bigbuttshubvideos.com
bingato.com
borntobefuck.com
braindancevr.com
brazz.org
brazzpw.com
brazzpw.xyz
cake.ski
cam4.com
camgirlsworld.com
cams.com
camsoda.com
camster.com
candy.ai
candyporn.ai
cdn-medias.com
cdnupload.com
celebexposed.com
cherrygasp.com
cherrypimps.com
chickpass.com
cindy-swingle.pages.dev
clips.com
clips4sale.com
clubsweethearts.com
colombiancastingcouch.com
craveu.ai
creamporn.ai
createporn.com
crushon.ai
cumlouder.com
cumzone.com
czechav.com
czechcasting.com
czechvideo.ac
d1mcmzcw3i6l2.cloudfront.net
d3qkxh84sanyh9.cloudfront.net
deepnsfw.app
definebabe.com
deflr.com
devilsfilm.com
digitalplayground.com
dirtyship.com
dogfartnetwork.com
dorcelclub.com
dreamcamtrue.com
empflix.com
eporner.com
erome.com
evaai.ai
evilangel.com
ezijlaxzgsgohgdtsiun.supabase.co
fakehub.com
fakings.com
fansteek.com
fantasybox.net
fap.art
fapdungeon.com
fapflare.com
fapfolder.club
faphouse.com
fapptime.com
faptoher.com
fapwise.net
fastleaks.com
fetlife.com
fikfap.com
fit18.com
flick4fun.com
flirt4free.com
flirtbate.com
flirtify.com
freaktok.com
freedom-sex.me
freeones.com
freeonestube.com
fullporner.com
fullxxxmovies.net
fuxxx.com
fyptt.to
gen.porn
genesisporn.net
genres.nyc3.cdn.digitaloceanspaces.com
get-harder.today
get-honey.today
gmaxcdn.com
gmmxzxdkmqhhmugapsok.supabase.co
golove.ai
goloveai.com
goonify.ai
goonity.com
goperv.com
gotanynudes.com
gtflixtv.com
hd-easyporn.com
hdplayer.gives
hdporn92.com
hdzog.com
hentaied.pro
herleaks.com
hobybuchanon.com
hookuphotshot.com
hornyfap.tv
hornyleak.tv
hotleak.vip
hotscope.tv
hqfap.com
hqmediago.com
hqporner.com
hussiepass.com
ibradome.com
iceporncasting.net
igenfun.com
iknowthatgirl.com
imagedelivery.net
imagine.red
imctransfer.com
imgchest.com
imlive.com
influencersgonewild.com
inporn.com
internetchicks.com
inxxx.com
isexychat.com
javhd.com
javtrailers.com
jerkmate.com
joi.com
julesjordan.com
justporn.ai
justporn.com
krx18.com
latestleaks.co
latestpornvideo.com
leak.xxx
leakporner.com
leakshaven.com
leakslove.com
letmejerk.com
letsdoeit.com
lewdstars.com
littlecaprice-dreams.com
livedreams.ai
lizalive.com
lovehomeporn.com
loveinchat.com
lovescape.com
luckycrush.live
lustery.com
lustreality.com
lusychat.ai
made.porn
makeherporn.ai
mangoporn.net
meendo.com
meetinchat.com
megadump.net
mirami.chat
mistrezz.ai
mofos.com
movie4days.com
musebox.ai
my-sex-porno.com
my.club
mybrazz.club
myfreecams.com
mypornerleak.com
nastyporn.ai
naughtyamerica.com
neporn.com
netfapx.com
netfapx.net
newsensations.com
nookies.com
notfans.com
nsfw247.to
nsfwc.ai
nsfwpics.co
nubilefilms.com
nubiles-porn.com
nudegenerator.ai
nudify.you
nudz.com
ogporn.com
onefap.ai
only-nice.com
onlychickshub.com
onlyjerk.net
onlyscroll.com
ososedki.com
ourdream.ai
pandamovies.pw
paradisehill.cc
passion-hd.com
pdcams.com
peachr.tv
penthouse.com
perfectgirls.net
pimpbunny.com
pirouvr.com
pixaror.com
playbun.com
pnxcdn.com
porn00.org
porn4days.pw
pornbaker.com
pornbox.com
pornbusy.com
porncornvr.com
porndoe.com
porndudecams.com
porndudecasting.com
porneec.com
pornez.cam
pornfunny.com
porngo.com
pornhaven.ai
pornhd3x.tv
pornhd4k.net
pornhd8k.me
pornhoarder.tv
pornk.top
pornmike.com
pornmz.com
pornobae.com
pornobomba.net
pornovideoshub.com
pornplus.com
pornpros.com
porntape.net
porntok.io
porntop.com
porntrex.com
pornve.com
pornvibe.org
pornvideobb.com
pornwhitelist.com
pornx.to
povr.com
private.com
prothots.com
psmcdn.net
pub-79c3feec2548404ea1334e3dfc0edc23.r2.dev
pub-9e425fd7f7a04b7aa301eafe26f84f84.r2.dev
pussyspace.com
rapid-access.online
realitykings.com
realpornclip.com
realscat.com
realvr.com
redtube.com
reelshdd.com
reelsmunkey.com
revealme.com
runetki.com
saintporn.com
scintai.com
secretcrush.ai
secretfriends.com
seduced.com
sensex.com
servefilesonly.com
severeporn.com
sexreels.net
sextingfinder.com
sextvx.com
sexu.com
sexyegirls.to
sexytalk.tv
share-nude.com
shareanynudes.com
sheeshfans.com
shorts.xxx
shpritz.ai
simpcity.cr
simpshub.com
sinfulx.ai
sinparty.com
sky.porn
skyprivate.com
slivxx.com
slutroulette.com
speedporn.net
spizoo.com
streamparty.online
stripchat.com
suckmevr.com
sugarlab-blob.nyc3.cdn.digitaloceanspaces.com
sugarlab.ai
sweetdream.ai
sweetporn.ai
swipefap.com
sxyland.com
tapecontent.net
taxi69.com
telegramcamgirls.com
theaipeeps.com
thesauceis.com
thotalert.com
thotbook.co
thotflix.com
thothd.com
thothub.info
thothub.is
thots.tv
thotster.net
tik.porn
tinder.com
tiny4k.com
tittytube.com
tnaflix.com
tnapics.com
transfap.to
trendyporn.com
trynectar.ai
tsthots.com
tube8.com
tubegifs.com
tvoe.porn
twincdn.com
txxx.com
ultrathots.com
uncut-x.com
uncutlyher.com
upornia.com
usersporn.com
veporn.com
videobox.com
viralxxxporn.com
viraly.wtf
virtualrealhub.com
virtualrealpassion.com
virtualrealporn.com
virtualtaboo.com
vrbangers.com
vrconk.com
vrcosplayx.com
vrspy.com
vxxx.com
w1mp.com
wankzvr.com
waptap.com
whoreshub.com
wildskirts.com
x-tg.tube
x-video.tube
x-x-x.tube
xaeucfynciihaiwsijrk.supabase.co
xcafe.com
xcams.com
xfreehd.com
xfuntaxy.com
xhamster.com
xhcdn.com
xkeezmovies.com
xlovecam.com
xme.bio
xmegadrive.com
xmoviesforyou.com
xnxx-ru.com
xnxx.com
xsliv.com
xtease.com
xv-ru.com
xvgold.org
xvideos.com
xvirtual.com
xx-videos.online
xxbrits.com
xxlgang.com
xxvideoss.org
xxxcut.ai
xxxfollow.com
xxxfree.watch
xxxperevod.com
xxxtryout.com
yesporn.vip
yespornpleasexxx.com
youjizz.com
youperv.com
yourdailypornvideos.com
zhornyhub.com
